<button class="button" id="button" type="button">Button</button>
