<input class="input email" id="inputEmail" name="email" data-options="{ 'separator': '@', 'suffixes': [ 'gmail.com', 'hotmail.com' ] }" type="email" value="example@mail.com" readonly required>
